[1/9] Registering Patient...
[2/9] Registering Doctor...
[3/9] Updating Doctor Role...
[4/9] Booking Appointment...
ERROR: {"success":false,"error":"Time slot already booked"}
[1/9] Registering Patient...
[2/9] Registering Doctor...
[3/9] Updating Doctor Role...
[4/9] Booking Appointment...
[5/9] Fetching Patient Notifications...
[6/9] Fetching Doctor Notifications...
SUCCESS!